학습 시작: model= yolov8n.pt data= data/images\light_pollution.yaml
New https://pypi.org/project/ultralytics/8.4.26 available  Update with 'pip install -U ultralytics'
Ultralytics 8.4.22  Python-3.13.6 torch-2.10.0+cpu CPU (Intel Core i7-10875H 2.30GHz)
[34m[1mengine\trainer: [0magnostic_nms=False, amp=True, angle=1.0, augment=False, auto_augment=randaugment, batch=8, bgr=0.0, box=7.5, cache=False, cfg=None, classes=None, close_mosaic=10, cls=0.5, compile=False, conf=None, copy_paste=0.0, copy_paste_mode=flip, cos_lr=False, cutmix=0.0, data=data/images\light_pollution.yaml, degrees=0.0, deterministic=True, device=cpu, dfl=1.5, dnn=False, dropout=0.0, dynamic=False, embed=None, end2end=None, epochs=50, erasing=0.4, exist_ok=True, fliplr=0.5, flipud=0.0, format=torchscript, fraction=1.0, freeze=None, half=False, hsv_h=0.015, hsv_s=0.7, hsv_v=0.4, imgsz=640, int8=False, iou=0.7, keras=False, kobj=1.0, line_width=None, lr0=0.01, lrf=0.01, mask_ratio=4, max_det=300, mixup=0.0, mode=train, model=yolov8n.pt, momentum=0.937, mosaic=1.0, multi_scale=0.0, name=light_pollution, nbs=64, nms=False, opset=None, optimize=False, optimizer=auto, overlap_mask=True, patience=100, perspective=0.0, plots=False, pose=12.0, pretrained=True, profile=False, project=models, rect=False, resume=False, retina_masks=False, rle=1.0, save=True, save_conf=False, save_crop=False, save_dir=E:\visual.code\Light_Pollution\runs\detect\models\light_pollution, save_frames=False, save_json=False, save_period=-1, save_txt=False, scale=0.5, seed=0, shear=0.0, show=False, show_boxes=True, show_conf=True, show_labels=True, simplify=True, single_cls=False, source=None, split=val, stream_buffer=False, task=detect, time=None, tracker=botsort.yaml, translate=0.1, val=True, verbose=False, vid_stride=1, visualize=False, warmup_bias_lr=0.1, warmup_epochs=3.0, warmup_momentum=0.8, weight_decay=0.0005, workers=8, workspace=None
Overriding model.yaml nc=80 with nc=3

                   from  n    params  module                                       arguments                     
  0                  -1  1       464  ultralytics.nn.modules.conv.Conv             [3, 16, 3, 2]                 
  1                  -1  1      4672  ultralytics.nn.modules.conv.Conv             [16, 32, 3, 2]                
  2                  -1  1      7360  ultralytics.nn.modules.block.C2f             [32, 32, 1, True]             
  3                  -1  1     18560  ultralytics.nn.modules.conv.Conv             [32, 64, 3, 2]                
  4                  -1  2     49664  ultralytics.nn.modules.block.C2f             [64, 64, 2, True]             
  5                  -1  1     73984  ultralytics.nn.modules.conv.Conv             [64, 128, 3, 2]               
  6                  -1  2    197632  ultralytics.nn.modules.block.C2f             [128, 128, 2, True]           
  7                  -1  1    295424  ultralytics.nn.modules.conv.Conv             [128, 256, 3, 2]              
  8                  -1  1    460288  ultralytics.nn.modules.block.C2f             [256, 256, 1, True]           
  9                  -1  1    164608  ultralytics.nn.modules.block.SPPF            [256, 256, 5]                 
 10                  -1  1         0  torch.nn.modules.upsampling.Upsample         [None, 2, 'nearest']          
 11             [-1, 6]  1         0  ultralytics.nn.modules.conv.Concat           [1]                           
 12                  -1  1    148224  ultralytics.nn.modules.block.C2f             [384, 128, 1]                 
 13                  -1  1         0  torch.nn.modules.upsampling.Upsample         [None, 2, 'nearest']          
 14             [-1, 4]  1         0  ultralytics.nn.modules.conv.Concat           [1]                           
 15                  -1  1     37248  ultralytics.nn.modules.block.C2f             [192, 64, 1]                  
 16                  -1  1     36992  ultralytics.nn.modules.conv.Conv             [64, 64, 3, 2]                
 17            [-1, 12]  1         0  ultralytics.nn.modules.conv.Concat           [1]                           
 18                  -1  1    123648  ultralytics.nn.modules.block.C2f             [192, 128, 1]                 
 19                  -1  1    147712  ultralytics.nn.modules.conv.Conv             [128, 128, 3, 2]              
 20             [-1, 9]  1         0  ultralytics.nn.modules.conv.Concat           [1]                           
 21                  -1  1    493056  ultralytics.nn.modules.block.C2f             [384, 256, 1]                 
 22        [15, 18, 21]  1    751897  ultralytics.nn.modules.head.Detect           [3, 16, None, [64, 128, 256]] 
Model summary: 130 layers, 3,011,433 parameters, 3,011,417 gradients, 8.2 GFLOPs

Transferred 319/355 items from pretrained weights
Freezing layer 'model.22.dfl.conv.weight'
[34m[1mtrain: [0mFast image access  (ping: 0.10.0 ms, read: 389.4170.9 MB/s, size: 44.1 KB)
[K[34m[1mtrain: [0mScanning E:\visual.code\Light_Pollution\data\images\train\labels.cache... 241 images, 4 backgrounds, 0 corrupt: 100% ━━━━━━━━━━━━ 241/241 43.9Mit/s 0.0s
[34m[1mval: [0mFast image access  (ping: 0.10.0 ms, read: 359.096.7 MB/s, size: 60.5 KB)
[K[34m[1mval: [0mScanning E:\visual.code\Light_Pollution\data\images\val\labels.cache... 70 images, 5 backgrounds, 0 corrupt: 100% ━━━━━━━━━━━━ 70/70 15.5Mit/s 0.0s
[34m[1moptimizer:[0m 'optimizer=auto' found, ignoring 'lr0=0.01' and 'momentum=0.937' and determining best 'optimizer', 'lr0' and 'momentum' automatically... 
[34m[1moptimizer:[0m AdamW(lr=0.001429, momentum=0.9) with parameter groups 57 weight(decay=0.0), 64 weight(decay=0.0005), 63 bias(decay=0.0)
Image sizes 640 train, 640 val
Using 0 dataloader workers
Logging results to [1mE:\visual.code\Light_Pollution\runs\detect\models\light_pollution[0m
Starting training for 50 epochs...

      Epoch    GPU_mem   box_loss   cls_loss   dfl_loss  Instances       Size
[K       1/50         0G      2.278      3.983      1.685         81        640: 0% ──────────── 0/31  3.4s[K       1/50         0G      2.308      3.932      1.676         76        640: 3% ──────────── 1/31 11.3s/it 6.8s<5:39[K       1/50         0G      2.292      3.937       1.68         76        640: 6% ╸─────────── 2/31 6.6s/it 10.1s<3:11[K       1/50         0G      2.273       3.89      1.686        129        640: 10% ━─────────── 3/31 5.1s/it 13.4s<2:22[K       1/50         0G      2.224      3.837      1.674        122        640: 13% ━╸────────── 4/31 4.3s/it 16.5s<1:55[K       1/50         0G      2.216      3.831      1.659         94        640: 16% ━╸────────── 5/31 3.8s/it 19.5s<1:38[K       1/50         0G      2.176      3.799      1.658         93        640: 19% ━━────────── 6/31 3.5s/it 22.5s<1:27[K       1/50         0G      2.152      3.781      1.645         83        640: 23% ━━╸───────── 7/31 3.3s/it 25.4s<1:19[K       1/50         0G      2.132      3.768      1.628        112        640: 26% ━━━───────── 8/31 3.1s/it 28.2s<1:12forrtl: error (200): program aborting due to window-CLOSE event
Image              PC                Routine            Line        Source             
KERNELBASE.dll     00007FFAD8CBC203  Unknown               Unknown  Unknown
KERNEL32.DLL       00007FFADADB7374  Unknown               Unknown  Unknown
ntdll.dll          00007FFADAF5CC91  Unknown               Unknown  Unknown
